19:46:53 **** Auto Build of configuration Debug for project EMIO ****
make pre-build main-build 
a9-linaro-pre-build-step
' '
'Building file: ../src/helloworld.c'
'Invoking: ARM v7 gcc compiler'
arm-none-eabi-gcc -Wall -O0 -g3 -c -fmessage-length=0 -MT"src/helloworld.o" -mcpu=cortex-a9 -mfpu=vfpv3 -mfloat-abi=hard -I../../standalone_bsp_0/ps7_cortexa9_0/include -MMD -MP -MF"src/helloworld.d" -MT"src/helloworld.o" -o "src/helloworld.o" "../src/helloworld.c"
../src/helloworld.c: In function 'main':
../src/helloworld.c:69:7: warning: assignment to 'int *' from 'int' makes pointer from integer without a cast [-Wint-conversion]
     p = 0x1000000;
       ^
'Finished building: ../src/helloworld.c'
' '
'Building target: EMIO.elf'
'Invoking: ARM v7 gcc linker'
arm-none-eabi-gcc -mcpu=cortex-a9 -mfpu=vfpv3 -mfloat-abi=hard -Wl,-build-id=none -specs=Xilinx.spec -Wl,-T -Wl,../src/lscript.ld -L../../standalone_bsp_0/ps7_cortexa9_0/lib -o "EMIO.elf"  ./src/helloworld.o ./src/platform.o   -Wl,--start-group,-lxil,-lgcc,-lc,--end-group -Wl,--start-group,-lxilffs,-lxil,-lgcc,-lc,--end-group
'Finished building target: EMIO.elf'
' '
'Invoking: ARM v7 Print Size'
arm-none-eabi-size EMIO.elf  |tee "EMIO.elf.size"
   text	   data	    bss	    dec	    hex	filename
  27336	   1152	  26632	  55120	   d750	EMIO.elf
'Finished building: EMIO.elf.size'
' '

19:46:54 Build Finished (took 670ms)

