#-----------------------------------------------------------
# Vivado v2019.1 (64-bit)
# SW Build 2552052 on Fri May 24 14:49:42 MDT 2019
# IP Build 2548770 on Fri May 24 18:01:18 MDT 2019
# Start of session at: Mon Jul 22 03:36:13 2024
# Process ID: 31516
# Current directory: D:/Projects/ZYNQ_Taksun/PRJ_3/ddr_boot
# Command line: vivado.exe -gui_launcher_event rodinguilauncherevent13148 D:\Projects\ZYNQ_Taksun\PRJ_3\ddr_boot\ddr_boot.xpr
# Log file: D:/Projects/ZYNQ_Taksun/PRJ_3/ddr_boot/vivado.log
# Journal file: D:/Projects/ZYNQ_Taksun/PRJ_3/ddr_boot\vivado.jou
#-----------------------------------------------------------
start_gui
open_project D:/Projects/ZYNQ_Taksun/PRJ_3/ddr_boot/ddr_boot.xpr
update_compile_order -fileset sources_1
launch_sdk -workspace D:/Projects/ZYNQ_Taksun/PRJ_3/ddr_boot/ddr_boot.sdk -hwspec D:/Projects/ZYNQ_Taksun/PRJ_3/ddr_boot/ddr_boot.sdk/design_1_wrapper.hdf
launch_sdk -workspace D:/Projects/ZYNQ_Taksun/PRJ_3/ddr_boot/ddr_boot.sdk -hwspec D:/Projects/ZYNQ_Taksun/PRJ_3/ddr_boot/ddr_boot.sdk/design_1_wrapper.hdf
