19:26:16 **** Auto Build of configuration Debug for project my_gpio ****
make pre-build main-build 
a9-linaro-pre-build-step
' '
'Building file: ../src/helloworld.c'
'Invoking: ARM v7 gcc compiler'
arm-none-eabi-gcc -Wall -O0 -g3 -c -fmessage-length=0 -MT"src/helloworld.o" -mcpu=cortex-a9 -mfpu=vfpv3 -mfloat-abi=hard -I../../my_gpio_bsp/ps7_cortexa9_0/include -MMD -MP -MF"src/helloworld.d" -MT"src/helloworld.o" -o "src/helloworld.o" "../src/helloworld.c"
../src/helloworld.c: In function 'main':
../src/helloworld.c:72:6: warning: unused variable 'a' [-Wunused-variable]
  int a = XGpioPs_ReadPin(&Gpiops, 0);
      ^
'Finished building: ../src/helloworld.c'
' '
'Building target: my_gpio.elf'
'Invoking: ARM v7 gcc linker'
arm-none-eabi-gcc -mcpu=cortex-a9 -mfpu=vfpv3 -mfloat-abi=hard -Wl,-build-id=none -specs=Xilinx.spec -Wl,-T -Wl,../src/lscript.ld -L../../my_gpio_bsp/ps7_cortexa9_0/lib -o "my_gpio.elf"  ./src/helloworld.o ./src/platform.o   -Wl,--start-group,-lxil,-lgcc,-lc,--end-group
'Finished building target: my_gpio.elf'
' '
'Invoking: ARM v7 Print Size'
arm-none-eabi-size my_gpio.elf  |tee "my_gpio.elf.size"
   text	   data	    bss	    dec	    hex	filename
  26880	   1152	  22616	  50648	   c5d8	my_gpio.elf
'Finished building: my_gpio.elf.size'
' '

19:26:16 Build Finished (took 740ms)

