#-----------------------------------------------------------
# Vivado v2019.1 (64-bit)
# SW Build 2552052 on Fri May 24 14:49:42 MDT 2019
# IP Build 2548770 on Fri May 24 18:01:18 MDT 2019
# Start of session at: Thu Jul 18 21:17:18 2024
# Process ID: 24264
# Current directory: E:/Projects/ZYNQ_Taksun/PRJ_2/usart_gpio
# Command line: vivado.exe -gui_launcher_event rodinguilauncherevent18996 E:\Projects\ZYNQ_Taksun\PRJ_2\usart_gpio\usart_gpio.xpr
# Log file: E:/Projects/ZYNQ_Taksun/PRJ_2/usart_gpio/vivado.log
# Journal file: E:/Projects/ZYNQ_Taksun/PRJ_2/usart_gpio\vivado.jou
#-----------------------------------------------------------
start_gui
open_project E:/Projects/ZYNQ_Taksun/PRJ_2/usart_gpio/usart_gpio.xpr
update_compile_order -fileset sources_1
open_bd_design {E:/Projects/ZYNQ_Taksun/PRJ_2/usart_gpio/usart_gpio.srcs/sources_1/bd/design_1/design_1.bd}
launch_sdk -workspace E:/Projects/ZYNQ_Taksun/PRJ_2/usart_gpio/usart_gpio.sdk -hwspec E:/Projects/ZYNQ_Taksun/PRJ_2/usart_gpio/usart_gpio.sdk/design_1_wrapper.hdf
